// Jest Snapshot v1, https://goo.gl/fbAQLP

exports[`should render LoginPage correctly 1`] = `
<div
  className="box-layout"
>
  <div
    className="box-layout__box"
  >
    <h1
      className="box-layout__title"
    >
      Espensify App
    </h1>
    <p>
      Get your expenses under control
    </p>
    <button
      onClick={[MockFunction]}
    >
      Login
    </button>
  </div>
</div>
`;
